  Γû▓ Next.js 14.2.14

   Creating an optimized production build ...
> [PWA] Compile server
> [PWA] Compile server
> [PWA] Compile client (static)
> [PWA] Auto register service worker with: C:\Parsonal Website\CampusHat\frontend\node_modules\next-pwa\register.js
> [PWA] Service worker: C:\Parsonal Website\CampusHat\frontend\public\sw.js
> [PWA]   url: /sw.js
> [PWA]   scope: /
 Γ£ô Compiled successfully
   Linting and checking validity of types ...

./src/app/account/verify/page.tsx
5:17  Warning: 'IdCard' is defined but never used.  no-unused-vars
5:35  Warning: 'UploadCloud' is defined but never used.  no-unused-vars
5:48  Warning: 'FileText' is defined but never used.  no-unused-vars
36:11  Warning: 'fileInputRef' is assigned a value but never used.  no-unused-vars

./src/app/admin/activity/page.tsx
16:8  Warning: React Hook useEffect has missing dependencies: 'isAdmin' and 'router'. Either include them or remove the dependency array.  react-hooks/exhaustive-deps

./src/app/admin/approvals/page.tsx
3:27  Warning: 'useEffect' is defined but never used.  no-unused-vars
127:11  Warning: 'unassignedCount' is assigned a value but never used.  no-unused-vars

./src/app/admin/campuses/page.tsx
7:49  Warning: 'CheckCircle2' is defined but never used.  no-unused-vars
7:63  Warning: 'XCircle' is defined but never used.  no-unused-vars
22:8  Warning: React Hook useEffect has missing dependencies: 'isAdmin' and 'router'. Either include them or remove the dependency array.  react-hooks/exhaustive-deps

./src/app/admin/categories/page.tsx
24:8  Warning: React Hook useEffect has missing dependencies: 'isAdmin' and 'router'. Either include them or remove the dependency array.  react-hooks/exhaustive-deps

./src/app/admin/layout.tsx
17:58  Warning: 'isSellerModerator' is assigned a value but never used.  no-unused-vars
17:77  Warning: 'isMarketplaceModerator' is assigned a value but never used.  no-unused-vars
18:12  Warning: 'permissions' is assigned a value but never used.  no-unused-vars

./src/app/admin/mall-products/page.tsx
16:8  Warning: React Hook useEffect has missing dependencies: 'isAdmin' and 'router'. Either include them or remove the dependency array.  react-hooks/exhaustive-deps

./src/app/admin/orders/page.tsx
16:8  Warning: React Hook useEffect has missing dependencies: 'isAdmin' and 'router'. Either include them or remove the dependency array.  react-hooks/exhaustive-deps

./src/app/admin/page.tsx
22:8  Warning: React Hook useEffect has missing dependencies: 'isAdmin' and 'router'. Either include them or remove the dependency array.  react-hooks/exhaustive-deps

./src/app/admin/users/page.tsx
7:21  Warning: 'MoreHorizontal' is defined but never used.  no-unused-vars
35:8  Warning: React Hook useEffect has missing dependencies: 'isAdmin' and 'router'. Either include them or remove the dependency array.  react-hooks/exhaustive-deps
38:12  Warning: 'isLoading' is assigned a value but never used.  no-unused-vars

./src/app/marketplace/chat/[id]/page.tsx
6:10  Warning: 'MessageCircle' is defined but never used.  no-unused-vars

./src/app/marketplace/listings/[id]/page.tsx
4:8  Warning: 'Image' is defined but never used.  no-unused-vars
10:5  Warning: 'Phone' is defined but never used.  no-unused-vars
11:5  Warning: 'MessageCircle' is defined but never used.  no-unused-vars
13:5  Warning: 'ShieldCheck' is defined but never used.  no-unused-vars
16:5  Warning: 'User' is defined but never used.  no-unused-vars
58:12  Warning: 'activeImage' is assigned a value but never used.  no-unused-vars
58:25  Warning: 'setActiveImage' is assigned a value but never used.  no-unused-vars
125:11  Warning: 'isContactVisible' is assigned a value but never used.  no-unused-vars

./src/app/marketplace/my-ads/page.tsx
9:10  Warning: 'Plus' is defined but never used.  no-unused-vars

./src/app/page.tsx
6:49  Warning: 'Laptop' is defined but never used.  no-unused-vars
6:57  Warning: 'Smartphone' is defined but never used.  no-unused-vars
6:69  Warning: 'Shirt' is defined but never used.  no-unused-vars
6:76  Warning: 'BookOpen' is defined but never used.  no-unused-vars
6:86  Warning: 'PenTool' is defined but never used.  no-unused-vars
6:95  Warning: 'Coffee' is defined but never used.  no-unused-vars
6:103  Warning: 'Home' is defined but never used.  no-unused-vars
6:109  Warning: 'Activity' is defined but never used.  no-unused-vars
6:119  Warning: 'Palette' is defined but never used.  no-unused-vars
6:128  Warning: 'FlaskConical' is defined but never used.  no-unused-vars
14:44  Warning: 'Product' is defined but never used.  no-unused-vars

./src/app/products/[slug]/page.tsx
69:11  Warning: 'router' is assigned a value but never used.  no-unused-vars

./src/app/seller/apply/page.tsx
471:49  Warning: Using `<img>` could result in slower LCP and higher bandwidth. Consider using `<Image />` from `next/image` to automatically optimize images. This may incur additional usage or cost from your provider. See: https://nextjs.org/docs/messages/no-img-element  @next/next/no-img-element
494:85  Warning: '_' is defined but never used.  no-unused-vars

./src/app/seller/layout.tsx
13:34  Warning: 'AvatarImage' is defined but never used.  no-unused-vars
60:11  Warning: 'storeSlug' is assigned a value but never used.  no-unused-vars

./src/app/seller/orders/page.tsx
3:27  Warning: 'useEffect' is defined but never used.  no-unused-vars
18:6  Warning: 'OrderStatus' is defined but never used.  no-unused-vars
253:49  Warning: Using `<img>` could result in slower LCP and higher bandwidth. Consider using `<Image />` from `next/image` to automatically optimize images. This may incur additional usage or cost from your provider. See: https://nextjs.org/docs/messages/no-img-element  @next/next/no-img-element

./src/app/seller/page.tsx
3:27  Warning: 'useEffect' is defined but never used.  no-unused-vars
10:8  Warning: 'Image' is defined but never used.  no-unused-vars
20:13  Warning: 'user' is assigned a value but never used.  no-unused-vars

./src/app/seller/register/page.tsx
30:11  Warning: 'router' is assigned a value but never used.  no-unused-vars

./src/app/seller/settings/page.tsx
5:12  Warning: 'PenSquare' is defined but never used.  no-unused-vars
5:34  Warning: 'User' is defined but never used.  no-unused-vars

./src/app/seller/wallet/page.tsx
5:49  Warning: 'CheckCircle2' is defined but never used.  no-unused-vars

./src/app/shop/page.tsx
5:8  Warning: 'Link' is defined but never used.  no-unused-vars
9:18  Warning: 'ChevronDown' is defined but never used.  no-unused-vars
41:45  Warning: '_' is defined but never used.  no-unused-vars
67:11  Warning: 'brands' is assigned a value but never used.  no-unused-vars

./src/components/auth/VerificationRequiredCard.tsx
6:10  Warning: 'useRouter' is defined but never used.  no-unused-vars
64:13  Warning: 'user' is assigned a value but never used.  no-unused-vars

./src/components/layout/CampusSwitcher.tsx
15:31  Warning: 'selectedCampusName' is assigned a value but never used.  no-unused-vars

./src/components/layout/MobileDrawer.tsx
2:45  Warning: 'SheetTitle' is defined but never used.  no-unused-vars

./src/components/layout/MobileSearchOverlay.tsx
3:39  Warning: 'TrendingUp' is defined but never used.  no-unused-vars

./src/components/layout/Navbar.tsx
25:10  Warning: 'Input' is defined but never used.  no-unused-vars
34:10  Warning: 'Avatar' is defined but never used.  no-unused-vars
34:18  Warning: 'AvatarFallback' is defined but never used.  no-unused-vars
34:34  Warning: 'AvatarImage' is defined but never used.  no-unused-vars
35:10  Warning: 'Badge' is defined but never used.  no-unused-vars
38:10  Warning: 'getInitials' is defined but never used.  no-unused-vars

./src/components/marketplace/AdTypeSelector.tsx
8:16  Warning: 'value' is defined but never used.  no-unused-vars

./src/components/marketplace/ChatConversationList.tsx
8:76  Warning: 'isToday' is defined but never used.  no-unused-vars
37:22  Warning: 'query' is defined but never used.  no-unused-vars

./src/components/marketplace/ChatWindow.tsx
7:38  Warning: 'Wifi' is defined but never used.  no-unused-vars
7:44  Warning: 'WifiOff' is defined but never used.  no-unused-vars
9:10  Warning: 'Button' is defined but never used.  no-unused-vars

./src/components/marketplace/DeleteAdModal.tsx
18:20  Warning: 'open' is defined but never used.  no-unused-vars

./src/components/marketplace/MarketplaceListingPage.tsx
84:5  Warning: 'defaultMaxPrice' is defined but never used.  no-unused-vars
99:19  Warning: 'v' is defined but never used.  no-unused-vars
101:19  Warning: 'v' is defined but never used.  no-unused-vars
105:24  Warning: 'slug' is defined but never used.  no-unused-vars
107:25  Warning: 'val' is defined but never used.  no-unused-vars

./src/components/marketplace/OfferMessageCard.tsx
4:8  Warning: 'Image' is defined but never used.  no-unused-vars
5:18  Warning: 'isToday' is defined but never used.  no-unused-vars
5:27  Warning: 'isYesterday' is defined but never used.  no-unused-vars
5:40  Warning: 'differenceInMinutes' is defined but never used.  no-unused-vars
5:61  Warning: 'differenceInHours' is defined but never used.  no-unused-vars
15:21  Warning: 'offerId' is defined but never used.  no-unused-vars
16:22  Warning: 'offerId' is defined but never used.  no-unused-vars
23:5  Warning: 'listingId' is defined but never used.  no-unused-vars

./src/components/marketplace/PostAdForm.tsx
7:16  Warning: 'ArrowLeft' is defined but never used.  no-unused-vars

./src/components/marketplace/RepostConfirmModal.tsx
18:20  Warning: 'open' is defined but never used.  no-unused-vars

./src/components/marketplace/UpgradePrompt.tsx
9:5  Warning: 'DialogFooter' is defined but never used.  no-unused-vars

./src/hooks/use-toast.ts
132:25  Warning: 'state' is defined but never used.  no-unused-vars

./src/lib/api.ts
20:15  Warning: 'value' is defined but never used.  no-unused-vars
21:14  Warning: 'reason' is defined but never used.  no-unused-vars

./src/stores/admin.store.ts
7:22  Warning: 'perms' is defined but never used.  no-unused-vars
8:24  Warning: 'counts' is defined but never used.  no-unused-vars
9:21  Warning: 'key' is defined but never used.  no-unused-vars

./src/stores/auth.store.ts
34:15  Warning: 'user' is defined but never used.  no-unused-vars
35:22  Warning: 'token' is defined but never used.  no-unused-vars

./src/stores/campus.store.ts
7:17  Warning: 'id' is defined but never used.  no-unused-vars
7:36  Warning: 'name' is defined but never used.  no-unused-vars

./src/stores/cart.store.ts
23:17  Warning: 'isOpen' is defined but never used.  no-unused-vars
26:15  Warning: 'item' is defined but never used.  no-unused-vars
27:18  Warning: 'id' is defined but never used.  no-unused-vars
28:22  Warning: 'id' is defined but never used.  no-unused-vars
28:34  Warning: 'quantity' is defined but never used.  no-unused-vars

info  - Need to disable some ESLint rules? Learn more here: https://nextjs.org/docs/basic-features/eslint#disabling-rules
   Collecting page data ...
   Generating static pages (0/44) ...
   Generating static pages (11/44) 
   Generating static pages (22/44) 
   Generating static pages (33/44) 
 Γ£ô Generating static pages (44/44)
   Finalizing page optimization ...
   Collecting build traces ...

Route (app)                              Size     First Load JS
Γöî Γùï /                                    12.9 kB         162 kB
Γö£ Γùï /_not-found                          880 B          88.2 kB
Γö£ Γùï /account                             4.53 kB         208 kB
Γö£ Γùï /account/listings                    153 B          87.5 kB
Γö£ Γùï /account/orders                      153 B          87.5 kB
Γö£ Γùï /account/verify                      6.15 kB         161 kB
Γö£ Γùï /admin                               3.42 kB         129 kB
Γö£ Γùï /admin/activity                      1.88 kB         112 kB
Γö£ Γùï /admin/approvals                     8.76 kB         181 kB
Γö£ Γùï /admin/campuses                      7.59 kB         145 kB
Γö£ Γùï /admin/categories                    8.2 kB          146 kB
Γö£ Γùï /admin/mall-products                 1.95 kB         112 kB
Γö£ Γùï /admin/orders                        1.93 kB         112 kB
Γö£ Γùï /admin/users                         8.58 kB         167 kB
Γö£ Γùï /auth/login                          6.96 kB         191 kB
Γö£ Γùï /auth/register                       6.21 kB         214 kB
Γö£ Γùï /auth/verify-email                   3.7 kB          128 kB
Γö£ Γùï /categories                          2.4 kB          133 kB
Γö£ ╞Æ /categories/[slug]                   2.74 kB         152 kB
Γö£ Γùï /checkout                            12.6 kB         186 kB
Γö£ Γùï /marketplace                         7.75 kB         164 kB
Γö£ ╞Æ /marketplace/[type]                  611 B           163 kB
Γö£ Γùï /marketplace/buy                     394 B           163 kB
Γö£ Γùï /marketplace/chat                    2.27 kB         166 kB
Γö£ ╞Æ /marketplace/chat/[id]               7.1 kB          171 kB
Γö£ Γùï /marketplace/food                    391 B           163 kB
Γö£ ╞Æ /marketplace/listings/[id]           10.1 kB         184 kB
Γö£ Γùï /marketplace/my-ads                  15.3 kB         196 kB
Γö£ Γùï /marketplace/post                    9.64 kB         219 kB
Γö£ Γùï /marketplace/rental                  395 B           163 kB
Γö£ Γùï /marketplace/services                395 B           163 kB
Γö£ Γùï /offline                             552 B          87.9 kB
Γö£ Γùï /orders                              153 B          87.5 kB
Γö£ ╞Æ /products/[slug]                     9.75 kB         152 kB
Γö£ Γùï /seller                              7.11 kB         242 kB
Γö£ Γùï /seller/apply                        9.01 kB         167 kB
Γö£ Γùï /seller/dashboard                    4.77 kB         236 kB
Γö£ Γùï /seller/messages                     6.69 kB         102 kB
Γö£ Γùï /seller/orders                       10 kB           177 kB
Γö£ Γùï /seller/products                     8.3 kB          176 kB
Γö£ Γùï /seller/register                     4.88 kB         178 kB
Γö£ Γùï /seller/settings                     5.58 kB         160 kB
Γö£ Γùï /seller/wallet                       9.16 kB         171 kB
Γö£ Γùï /sellers                             2.69 kB         142 kB
Γö£ ╞Æ /sellers/[slug]                      5.54 kB         147 kB
Γö£ Γùï /shop                                3.78 kB         153 kB
Γöö Γùï /unauthorized                        1.55 kB        95.8 kB
+ First Load JS shared by all            87.4 kB
  Γö£ chunks/2117-20da835ac8858826.js      31.8 kB
  Γö£ chunks/fd9d1056-94fe9289a2cd7fed.js  53.6 kB
  Γöö other shared chunks (total)          1.97 kB


╞Æ Middleware                             26.7 kB

Γùï  (Static)   prerendered as static content
╞Æ  (Dynamic)  server-rendered on demand

